// Jest Snapshot v1, https://goo.gl/fbAQLP

exports[`Renders Text Correctly 1`] = `
<Text
  style={
    Object {
      "fontSize": 24,
      "fontWeight": "bold",
    }
  }
  value="Annual Survey"
/>
`;
